// Jest Snapshot v1, https://goo.gl/fbAQLP

exports[`TrackList render renders correctly 1`] = `
<section
  className="TrackList bar"
>
  <h3>
    bar
     
    <span
      className="qunx"
    >
      (
      foo
      )
    </span>
  </h3>
  <ul />
</section>
`;
